Traceback (most recent call last):
  File "/Users/s0o0rya/miniconda3/envs/fs_env/lib/python3.10/runpy.py", line 196, in _run_module_as_main
    return _run_code(code, main_globals, None,
  File "/Users/s0o0rya/miniconda3/envs/fs_env/lib/python3.10/runpy.py", line 86, in _run_code
    exec(code, run_globals)
  File "/Users/s0o0rya/miniconda3/envs/fs_env/lib/python3.10/site-packages/uvicorn/__main__.py", line 4, in <module>
    uvicorn.main()
  File "/Users/s0o0rya/miniconda3/envs/fs_env/lib/python3.10/site-packages/click/core.py", line 1524, in __call__
    return self.main(*args, **kwargs)
  File "/Users/s0o0rya/miniconda3/envs/fs_env/lib/python3.10/site-packages/click/core.py", line 1445, in main
    rv = self.invoke(ctx)
  File "/Users/s0o0rya/miniconda3/envs/fs_env/lib/python3.10/site-packages/click/core.py", line 1308, in invoke
    return ctx.invoke(self.callback, **ctx.params)
  File "/Users/s0o0rya/miniconda3/envs/fs_env/lib/python3.10/site-packages/click/core.py", line 877, in invoke
    return callback(*args, **kwargs)
  File "/Users/s0o0rya/miniconda3/envs/fs_env/lib/python3.10/site-packages/uvicorn/main.py", line 441, in main
    run(
  File "/Users/s0o0rya/miniconda3/envs/fs_env/lib/python3.10/site-packages/uvicorn/main.py", line 609, in run
    config.load_app()
  File "/Users/s0o0rya/miniconda3/envs/fs_env/lib/python3.10/site-packages/uvicorn/config.py", line 415, in load_app
    return import_from_string(self.app)
  File "/Users/s0o0rya/miniconda3/envs/fs_env/lib/python3.10/site-packages/uvicorn/importer.py", line 22, in import_from_string
    raise exc from None
  File "/Users/s0o0rya/miniconda3/envs/fs_env/lib/python3.10/site-packages/uvicorn/importer.py", line 19, in import_from_string
    module = importlib.import_module(module_str)
  File "/Users/s0o0rya/miniconda3/envs/fs_env/lib/python3.10/importlib/__init__.py", line 126, in import_module
    return _bootstrap._gcd_import(name[level:], package, level)
  File "<frozen importlib._bootstrap>", line 1050, in _gcd_import
  File "<frozen importlib._bootstrap>", line 1027, in _find_and_load
  File "<frozen importlib._bootstrap>", line 992, in _find_and_load_unlocked
  File "<frozen importlib._bootstrap>", line 241, in _call_with_frames_removed
  File "<frozen importlib._bootstrap>", line 1050, in _gcd_import
  File "<frozen importlib._bootstrap>", line 1027, in _find_and_load
  File "<frozen importlib._bootstrap>", line 1004, in _find_and_load_unlocked
ModuleNotFoundError: No module named 'app'
